// Jest Snapshot v1, https://goo.gl/fbAQLP

exports[`Searchbox component unit testing searchbox 1`] = `ShallowWrapper {}`;
