// Jest Snapshot v1, https://goo.gl/fbAQLP

exports[`Autocomplete component autocomplete component unit testing 1`] = `ShallowWrapper {}`;
