// Jest Snapshot v1, https://goo.gl/fbAQLP

exports[`Suggestion list component list component 1`] = `ShallowWrapper {}`;
