// Jest Snapshot v1, https://goo.gl/fbAQLP

exports[`Listing component Listing component unit testing 1`] = `ShallowWrapper {}`;
