// Jest Snapshot v1, https://goo.gl/fbAQLP

exports[`root app component renders root component with child components 1`] = `ShallowWrapper {}`;
