// Jest Snapshot v1, https://goo.gl/fbAQLP

exports[`BookList component BookList component unit testing 1`] = `ShallowWrapper {}`;
