// Jest Snapshot v1, https://goo.gl/fbAQLP

exports[`Form component snapshot unit testing form component renders 1`] = `ShallowWrapper {}`;
